Note: C:\Users\NF\Personal Projects\Kai\src\Scanner.java uses unchecked or unsafe operations.
Note: Recompile with -Xlint:unchecked for details.
